
> wedding-invite-scroll-v7@0.0.0 build
> vite build

[36mvite v5.4.1 [32mbuilding for production...[36m[39m
transforming...
[32mΓ£ô[39m 2157 modules transformed.
node.exe : 
[31mx[39m Build 
failed in 1.33s
At line:1 char:1
+ & "C:\Program Files\
nodejs/node.exe" 
"C:\Program 
Files\nodejs/node_mo 
...
+ ~~~~~~~~~~~~~~~~~~~~
~~~~~~~~~~~~~~~~~~~~~~
~~~~~~~~~~~~~~~~~~~~~~
~~~~~
    + CategoryInfo    
          : NotSpeci  
  fied: ([31mx[39   
 m Build failed in    
 1.33s:String) []    
, RemoteException
    + FullyQualifiedE 
   rrorId : NativeCo  
  mmandError
 
[31merror during 
build:
[31msrc/components/se
ctions/SectionTimeline
.jsx (3:31): "Ring" 
is not exported by "no
de_modules/lucide-reac
t/dist/esm/lucide-reac
t.js", imported by "sr
c/components/sections/
SectionTimeline.jsx".
[31m
file: [36mC:/Users/mu
rta/Downloads/Personal
/wedding-invite-scroll
-v7/src/components/sec
tions/SectionTimeline.
jsx:3:31[31m
[33m
1: import React, { 
useState } from 
'react';
2: import { motion } 
from 'framer-motion';
3: import { Flower2, 
Leaf, Music, Ring, 
GlassWater } from 
'lucide-react';
                      
            ^
4: import EventModal 
from '../modals/EventM
odal';
5: import './SectionTi
meline.css';
[31m
    at getRollupError 
(file:///C:/Users/murt
a/Downloads/Personal/w
edding-invite-scroll-v
7/node_modules/rollup/
dist/es/shared/parseAs
t.js:402:41)
    at error (file:///
C:/Users/murta/Downloa
ds/Personal/wedding-in
vite-scroll-v7/node_mo
dules/rollup/dist/es/s
hared/parseAst.js:398:
42)
    at Module.error (f
ile:///C:/Users/murta/
Downloads/Personal/wed
ding-invite-scroll-v7/
node_modules/rollup/di
st/es/shared/node-entr
y.js:17040:16)
    at 
Module.traceVariable (
file:///C:/Users/murta
/Downloads/Personal/we
dding-invite-scroll-v7
/node_modules/rollup/d
ist/es/shared/node-ent
ry.js:17452:29)
    at ModuleScope.fin
dVariable (file:///C:/
Users/murta/Downloads/
Personal/wedding-invit
e-scroll-v7/node_modul
es/rollup/dist/es/shar
ed/node-entry.js:15070
:39)
    at ReturnValueScop
e.findVariable (file:/
//C:/Users/murta/Downl
oads/Personal/wedding-
invite-scroll-v7/node_
modules/rollup/dist/es
/shared/node-entry.js:
5673:38)
    at FunctionBodySco
pe.findVariable (file:
///C:/Users/murta/Down
loads/Personal/wedding
-invite-scroll-v7/node
_modules/rollup/dist/e
s/shared/node-entry.js
:5673:38)
    at 
Identifier.bind (file:
///C:/Users/murta/Down
loads/Personal/wedding
-invite-scroll-v7/node
_modules/rollup/dist/e
s/shared/node-entry.js
:5447:40)
    at 
CallExpression.bind (f
ile:///C:/Users/murta/
Downloads/Personal/wed
ding-invite-scroll-v7/
node_modules/rollup/di
st/es/shared/node-entr
y.js:2825:28)
    at 
CallExpression.bind (f
ile:///C:/Users/murta/
Downloads/Personal/wed
ding-invite-scroll-v7/
node_modules/rollup/di
st/es/shared/node-entr
y.js:12179:15)[39m
